  Determining projects to restore...
  All projects are up-to-date for restore.
  RealEstateInvesting.Domain -> C:\Users\Prachi\Desktop\Townly\src\RealEstateInvesting.Domain\bin\Debug\net10.0\RealEstateInvesting.Domain.dll
C:\Users\Prachi\Desktop\Townly\src\RealEstateInvesting.Application\Transactions\Dtos\TransactionDetailsDto.cs(14,19): warning CS8618: Non-nullable property 'Currency' must contain a non-null value when exiting constructor. Consider adding the 'required' modifier or declaring the property as nullable. [C:\Users\Prachi\Desktop\Townly\src\RealEstateInvesting.Application\RealEstateInvesting.Application.csproj]
C:\Users\Prachi\Desktop\Townly\src\RealEstateInvesting.Application\Transactions\Dtos\TransactionDetailsDto.cs(21,19): warning CS8618: Non-nullable property 'Status' must contain a non-null value when exiting constructor. Consider adding the 'required' modifier or declaring the property as nullable. [C:\Users\Prachi\Desktop\Townly\src\RealEstateInvesting.Application\RealEstateInvesting.Application.csproj]
C:\Users\Prachi\Desktop\Townly\src\RealEstateInvesting.Application\Properties\PropertyQueryService.cs(369,13): error CS0128: A local variable or function named 'imageMap' is already defined in this scope [C:\Users\Prachi\Desktop\Townly\src\RealEstateInvesting.Application\RealEstateInvesting.Application.csproj]

Build FAILED.

C:\Users\Prachi\Desktop\Townly\src\RealEstateInvesting.Application\Transactions\Dtos\TransactionDetailsDto.cs(14,19): warning CS8618: Non-nullable property 'Currency' must contain a non-null value when exiting constructor. Consider adding the 'required' modifier or declaring the property as nullable. [C:\Users\Prachi\Desktop\Townly\src\RealEstateInvesting.Application\RealEstateInvesting.Application.csproj]
C:\Users\Prachi\Desktop\Townly\src\RealEstateInvesting.Application\Transactions\Dtos\TransactionDetailsDto.cs(21,19): warning CS8618: Non-nullable property 'Status' must contain a non-null value when exiting constructor. Consider adding the 'required' modifier or declaring the property as nullable. [C:\Users\Prachi\Desktop\Townly\src\RealEstateInvesting.Application\RealEstateInvesting.Application.csproj]
C:\Users\Prachi\Desktop\Townly\src\RealEstateInvesting.Application\Properties\PropertyQueryService.cs(369,13): error CS0128: A local variable or function named 'imageMap' is already defined in this scope [C:\Users\Prachi\Desktop\Townly\src\RealEstateInvesting.Application\RealEstateInvesting.Application.csproj]
    2 Warning(s)
    1 Error(s)

Time Elapsed 00:00:01.14
